
Memory Configuration

Name             Origin             Length             Attributes
FLASH            0x0000000008000000 0x0000000000010000 xr
SRAM             0x0000000020000000 0x0000000000005000 xrw
*default*        0x0000000000000000 0xffffffffffffffff

Linker script and memory map

LOAD erase.o
LOAD startup.o

.text           0x0000000008000000      0x1e0
 *(.isr_vector)
 .isr_vector    0x0000000008000000      0x130 startup.o
                0x0000000008000000                vectors
 *(.text)
 .text          0x0000000008000130       0x24 erase.o
                0x0000000008000130                main
 .text          0x0000000008000154       0x8c startup.o
                0x0000000008000154                EXTI2_IRQHandler
                0x0000000008000154                TIM8_TRG_COM_IRQHandler
                0x0000000008000154                TIM8_CC_IRQHandler
                0x0000000008000154                SVCall_Handler
                0x0000000008000154                DebugMon_Handler
                0x0000000008000154                TIM1_CC_IRQHandler
                0x0000000008000154                HardFault_Handler
                0x0000000008000154                TIM6_IRQHandler
                0x0000000008000154                SysTick_Handler
                0x0000000008000154                PVD_IRQHandler
                0x0000000008000154                SDIO_IRQHandler
                0x0000000008000154                PendSV_Handler
                0x0000000008000154                NMI_Handler
                0x0000000008000154                EXTI3_IRQHandler
                0x0000000008000154                USB_HP_CAN_TX_IRQHandler
                0x0000000008000154                EXTI0_IRQHandler
                0x0000000008000154                I2C2_EV_IRQHandler
                0x0000000008000154                UsageFault_Handler
                0x0000000008000154                ADC1_2_IRQHandler
                0x0000000008000154                SPI1_IRQHandler
                0x0000000008000154                CAN_SCE_IRQHandler
                0x0000000008000154                TAMPER_IRQHandler
                0x0000000008000154                TIM8_UP_IRQHandler
                0x0000000008000154                DMA2_Channel2_IRQHandler
                0x0000000008000154                DMA1_Channel4_IRQHandler
                0x0000000008000154                USART3_IRQHandler
                0x0000000008000154                RTC_IRQHandler
                0x0000000008000154                DMA1_Channel7_IRQHandler
                0x0000000008000154                UART5_IRQHandler
                0x0000000008000154                ADC3_IRQHandler
                0x0000000008000154                TIM4_IRQHandler
                0x0000000008000154                CAN_RX1_IRQHandler
                0x0000000008000154                DMA2_Channel1_IRQHandler
                0x0000000008000154                I2C1_EV_IRQHandler
                0x0000000008000154                DMA1_Channel6_IRQHandler
                0x0000000008000154                UART4_IRQHandler
                0x0000000008000154                TIM3_IRQHandler
                0x0000000008000154                RCC_IRQHandler
                0x0000000008000154                TIM1_TRG_COM_IRQHandler
                0x0000000008000154                DMA1_Channel1_IRQHandler
                0x0000000008000154                Default_Handler
                0x0000000008000154                EXTI15_10_IRQHandler
                0x0000000008000154                TIM7_IRQHandler
                0x0000000008000154                TIM5_IRQHandler
                0x0000000008000154                EXTI9_5_IRQHandler
                0x0000000008000154                SPI2_IRQHandler
                0x0000000008000154                USB_LP_CAN_RX0_IRQHandler
                0x0000000008000154                MemManage_Handler
                0x0000000008000154                DMA1_Channel5_IRQHandler
                0x0000000008000154                EXTI4_IRQHandler
                0x0000000008000154                DMA1_Channel3_IRQHandler
                0x0000000008000154                FSMC_IRQHandler
                0x0000000008000154                TIM1_UP_IRQHandler
                0x0000000008000154                WWDG_IRQHandler
                0x0000000008000154                TIM2_IRQHandler
                0x0000000008000154                TIM1_BRK_IRQHandler
                0x0000000008000154                EXTI1_IRQHandler
                0x0000000008000154                RTCAlarm_IRQHandler
                0x0000000008000154                DMA2_Channel4_5_IRQHandler
                0x0000000008000154                USART2_IRQHandler
                0x0000000008000154                I2C2_ER_IRQHandler
                0x0000000008000154                DMA1_Channel2_IRQHandler
                0x0000000008000154                TIM8_BRK_IRQHandler
                0x0000000008000154                FLASH_IRQHandler
                0x0000000008000154                BusFault_Handler
                0x0000000008000154                USART1_IRQHandler
                0x0000000008000154                SPI3_IRQHandler
                0x0000000008000154                I2C1_ER_IRQHandler
                0x0000000008000154                USBWakeUp_IRQHandler
                0x0000000008000154                DMA2_Channel3_IRQHandler
                0x000000000800015a                Reset_Handler
 *(.rodata)
                0x00000000080001e0                . = ALIGN (0x4)
                0x00000000080001e0                _etext = .

.glue_7         0x00000000080001e0        0x0
 .glue_7        0x00000000080001e0        0x0 linker stubs

.glue_7t        0x00000000080001e0        0x0
 .glue_7t       0x00000000080001e0        0x0 linker stubs

.vfp11_veneer   0x00000000080001e0        0x0
 .vfp11_veneer  0x00000000080001e0        0x0 linker stubs

.v4_bx          0x00000000080001e0        0x0
 .v4_bx         0x00000000080001e0        0x0 linker stubs

.iplt           0x00000000080001e0        0x0
 .iplt          0x00000000080001e0        0x0 startup.o

.rel.dyn        0x00000000080001e0        0x0
 .rel.iplt      0x00000000080001e0        0x0 startup.o

.data           0x0000000020000000        0x0 load address 0x00000000080001e0
                0x0000000020000000                _sdata = .
 *(.data)
 .data          0x0000000020000000        0x0 erase.o
 .data          0x0000000020000000        0x0 startup.o
                0x0000000020000000                . = ALIGN (0x4)
                0x0000000020000000                _edata = .

.igot.plt       0x0000000020000000        0x0 load address 0x00000000080001e0
 .igot.plt      0x0000000020000000        0x0 startup.o

.bss            0x0000000020000000        0x0 load address 0x00000000080001e0
                0x0000000020000000                _sbss = .
 *(.bss)
 .bss           0x0000000020000000        0x0 erase.o
 .bss           0x0000000020000000        0x0 startup.o
 *(COMMON)
                0x0000000020000000                . = ALIGN (0x4)
                0x0000000020000000                _ebss = .
OUTPUT(erase.elf elf32-littlearm)
LOAD linker stubs

.debug_info     0x0000000000000000      0x207
 .debug_info    0x0000000000000000       0x9b erase.o
 .debug_info    0x000000000000009b      0x16c startup.o

.debug_abbrev   0x0000000000000000      0x15d
 .debug_abbrev  0x0000000000000000       0x5f erase.o
 .debug_abbrev  0x000000000000005f       0xfe startup.o

.debug_aranges  0x0000000000000000       0x40
 .debug_aranges
                0x0000000000000000       0x20 erase.o
 .debug_aranges
                0x0000000000000020       0x20 startup.o

.debug_line     0x0000000000000000      0x16f
 .debug_line    0x0000000000000000       0x55 erase.o
 .debug_line    0x0000000000000055      0x11a startup.o

.debug_str      0x0000000000000000      0x15e
 .debug_str     0x0000000000000000       0xf2 erase.o
                                        0x126 (size before relaxing)
 .debug_str     0x00000000000000f2       0x6c startup.o
                                        0x193 (size before relaxing)

.comment        0x0000000000000000       0x1e
 .comment       0x0000000000000000       0x1e erase.o
                                         0x1f (size before relaxing)
 .comment       0x000000000000001e       0x1f startup.o

.ARM.attributes
                0x0000000000000000       0x2d
 .ARM.attributes
                0x0000000000000000       0x2d erase.o
 .ARM.attributes
                0x000000000000002d       0x2d startup.o

.debug_frame    0x0000000000000000       0x78
 .debug_frame   0x0000000000000000       0x2c erase.o
 .debug_frame   0x000000000000002c       0x4c startup.o
