
Memory Configuration

Name             Origin             Length             Attributes
FLASH            0x0000000008000000 0x0000000000010000 xr
SRAM             0x0000000020000000 0x0000000000005000 xrw
*default*        0x0000000000000000 0xffffffffffffffff

Linker script and memory map

LOAD blink.o

.text           0x0000000008000000       0x80
 *(.isr_vector)
 *(.text)
 .text          0x0000000008000000       0x80 blink.o
                0x0000000008000000                initStatusLED
                0x0000000008000038                toggleStatusLED
                0x0000000008000054                main
 *(.text.*)
 *(.init)
 *(.fini)
 *(.rodata)
 *(.rodata.*)
                0x0000000008000080                . = ALIGN (0x4)
                0x0000000008000080                _etext = .
                0x0000000008000080                _la_data = LOADADDR (.data)

.glue_7         0x0000000008000080        0x0
 .glue_7        0x0000000008000080        0x0 linker stubs

.glue_7t        0x0000000008000080        0x0
 .glue_7t       0x0000000008000080        0x0 linker stubs

.vfp11_veneer   0x0000000008000080        0x0
 .vfp11_veneer  0x0000000008000080        0x0 linker stubs

.v4_bx          0x0000000008000080        0x0
 .v4_bx         0x0000000008000080        0x0 linker stubs

.iplt           0x0000000008000080        0x0
 .iplt          0x0000000008000080        0x0 blink.o

.rel.dyn        0x0000000008000080        0x0
 .rel.iplt      0x0000000008000080        0x0 blink.o

.data           0x0000000020000000        0x0 load address 0x0000000008000080
                0x0000000020000000                _sdata = .
 *(.data)
 .data          0x0000000020000000        0x0 blink.o
 *(.data.*)
                0x0000000020000000                . = ALIGN (0x4)
                0x0000000020000000                _edata = .

.igot.plt       0x0000000020000000        0x0 load address 0x0000000008000080
 .igot.plt      0x0000000020000000        0x0 blink.o

.bss            0x0000000020000000        0x0 load address 0x0000000008000080
                0x0000000020000000                _sbss = .
                0x0000000020000000                __bss_start__ = _sbss
 *(.bss)
 .bss           0x0000000020000000        0x0 blink.o
 *(.bss.*)
 *(COMMON)
                0x0000000020000000                . = ALIGN (0x4)
                0x0000000020000000                _ebss = .
                0x0000000020000000                __bss_end__ = _ebss
                0x0000000020000000                . = ALIGN (0x4)
                0x0000000020000000                end = .
                0x0000000020000000                __end__ = .
OUTPUT(blink.elf elf32-littlearm)
LOAD linker stubs

.debug_info     0x0000000000000000       0xd7
 .debug_info    0x0000000000000000       0xd7 blink.o

.debug_abbrev   0x0000000000000000       0x8b
 .debug_abbrev  0x0000000000000000       0x8b blink.o

.debug_aranges  0x0000000000000000       0x20
 .debug_aranges
                0x0000000000000000       0x20 blink.o

.debug_line     0x0000000000000000       0xd6
 .debug_line    0x0000000000000000       0xd6 blink.o

.debug_str      0x0000000000000000      0x11c
 .debug_str     0x0000000000000000      0x11c blink.o
                                        0x159 (size before relaxing)

.comment        0x0000000000000000       0x1e
 .comment       0x0000000000000000       0x1e blink.o
                                         0x1f (size before relaxing)

.ARM.attributes
                0x0000000000000000       0x2d
 .ARM.attributes
                0x0000000000000000       0x2d blink.o

.debug_frame    0x0000000000000000       0x70
 .debug_frame   0x0000000000000000       0x70 blink.o
